// Vitest Snapshot v1, https://vitest.dev/guide/snapshot.html

exports[`ProductCard > should match snapshot 1`] = `
{
  "asFragment": [Function],
  "baseElement": <body>
    <div>
      <div
        class="_container_1d0052 _container_01e065"
        data-testid="product-card"
      >
        <a
          aria-label="Быстрый просмотр товара"
          class="_link_01e065"
          href="/overview/1"
          title="Быстрый просмотр"
        >
          <svg
            class="icon icon-eye"
            data-testid="icon"
            height="22"
            width="22"
          >
            <use
              xlink:href="/images/icons.svg#eye"
            />
          </svg>
        </a>
        <div
          class="_image_01e065"
        >
          <img
            alt="Test"
            height="238"
            src="./test.png"
            width="220"
          />
        </div>
        <div
          class="_information_01e065"
        >
          <a
            class="_name_01e065"
            href="/overview/1"
          >
            Test
          </a>
          <div
            class="_container_5a3e99 _vertical_5a3e99 _md_5a3e99"
            data-testid="price"
          >
            <span
              class="_price_5a3e99"
            >
              1200
               
              ₽
            </span>
            <span
              class="_old_5a3e99"
            >
              1500
               
              ₽
            </span>
          </div>
        </div>
        <div
          class="_actions_01e065"
        >
          <div
            class="_container_861903"
            data-testid="rating"
          >
            <svg
              class="icon icon-star-filled _icon_861903 filled"
              data-testid="icon"
              height="24"
              width="24"
            >
              <use
                xlink:href="/images/icons.svg#star-filled"
              />
            </svg>
            <p
              class="_text_861903"
            >
              4.1
            </p>
          </div>
          <button>
            Actions
          </button>
        </div>
      </div>
    </div>
  </body>,
  "container": <div>
    <div
      class="_container_1d0052 _container_01e065"
      data-testid="product-card"
    >
      <a
        aria-label="Быстрый просмотр товара"
        class="_link_01e065"
        href="/overview/1"
        title="Быстрый просмотр"
      >
        <svg
          class="icon icon-eye"
          data-testid="icon"
          height="22"
          width="22"
        >
          <use
            xlink:href="/images/icons.svg#eye"
          />
        </svg>
      </a>
      <div
        class="_image_01e065"
      >
        <img
          alt="Test"
          height="238"
          src="./test.png"
          width="220"
        />
      </div>
      <div
        class="_information_01e065"
      >
        <a
          class="_name_01e065"
          href="/overview/1"
        >
          Test
        </a>
        <div
          class="_container_5a3e99 _vertical_5a3e99 _md_5a3e99"
          data-testid="price"
        >
          <span
            class="_price_5a3e99"
          >
            1200
             
            ₽
          </span>
          <span
            class="_old_5a3e99"
          >
            1500
             
            ₽
          </span>
        </div>
      </div>
      <div
        class="_actions_01e065"
      >
        <div
          class="_container_861903"
          data-testid="rating"
        >
          <svg
            class="icon icon-star-filled _icon_861903 filled"
            data-testid="icon"
            height="24"
            width="24"
          >
            <use
              xlink:href="/images/icons.svg#star-filled"
            />
          </svg>
          <p
            class="_text_861903"
          >
            4.1
          </p>
        </div>
        <button>
          Actions
        </button>
      </div>
    </div>
  </div>,
  "debug": [Function],
  "findAllByAltText": [Function],
  "findAllByDisplayValue": [Function],
  "findAllByLabelText": [Function],
  "findAllByPlaceholderText": [Function],
  "findAllByRole": [Function],
  "findAllByTestId": [Function],
  "findAllByText": [Function],
  "findAllByTitle": [Function],
  "findByAltText": [Function],
  "findByDisplayValue": [Function],
  "findByLabelText": [Function],
  "findByPlaceholderText": [Function],
  "findByRole": [Function],
  "findByTestId": [Function],
  "findByText": [Function],
  "findByTitle": [Function],
  "getAllByAltText": [Function],
  "getAllByDisplayValue": [Function],
  "getAllByLabelText": [Function],
  "getAllByPlaceholderText": [Function],
  "getAllByRole": [Function],
  "getAllByTestId": [Function],
  "getAllByText": [Function],
  "getAllByTitle": [Function],
  "getByAltText": [Function],
  "getByDisplayValue": [Function],
  "getByLabelText": [Function],
  "getByPlaceholderText": [Function],
  "getByRole": [Function],
  "getByTestId": [Function],
  "getByText": [Function],
  "getByTitle": [Function],
  "queryAllByAltText": [Function],
  "queryAllByDisplayValue": [Function],
  "queryAllByLabelText": [Function],
  "queryAllByPlaceholderText": [Function],
  "queryAllByRole": [Function],
  "queryAllByTestId": [Function],
  "queryAllByText": [Function],
  "queryAllByTitle": [Function],
  "queryByAltText": [Function],
  "queryByDisplayValue": [Function],
  "queryByLabelText": [Function],
  "queryByPlaceholderText": [Function],
  "queryByRole": [Function],
  "queryByTestId": [Function],
  "queryByText": [Function],
  "queryByTitle": [Function],
  "rerender": [Function],
  "unmount": [Function],
}
`;
